V3 27
FL "C:/Users/Lidor Cohen/Desktop/BYOC-HW4-LIDOR/HW4-Implementation/BYOC_Clock_driver.vhd" 2017/09/02.11:47:16 P.20131013
EN work/Clock_Driver 1529048441 \
      FL "C:/Users/Lidor Cohen/Desktop/BYOC-HW4-LIDOR/HW4-Implementation/BYOC_Clock_driver.vhd" \
      PB ieee/std_logic_1164 1381692176 PB ieee/STD_LOGIC_UNSIGNED 1381692179 \
      PB ieee/std_logic_arith 1381692177 PB ieee/NUMERIC_STD 1381692181 LB unisim \
      PH unisim/VCOMPONENTS 1381692182
AR work/Clock_Driver/clock_divider 1529048442 \
      FL "C:/Users/Lidor Cohen/Desktop/BYOC-HW4-LIDOR/HW4-Implementation/BYOC_Clock_driver.vhd" \
      EN work/Clock_Driver 1529048441 CP BUFG
FL "C:/Users/Lidor Cohen/Desktop/BYOC-HW4-LIDOR/HW4-Implementation/dual_port_memory.vhd" 2018/06/07.09:41:46 P.20131013
EN work/dual_port_memory_no_ck_read 1529048439 \
      FL "C:/Users/Lidor Cohen/Desktop/BYOC-HW4-LIDOR/HW4-Implementation/dual_port_memory.vhd" \
      PB ieee/std_logic_1164 1381692176 PB ieee/std_logic_arith 1381692177
AR work/dual_port_memory_no_CK_read/dual_port_memory 1529048440 \
      FL "C:/Users/Lidor Cohen/Desktop/BYOC-HW4-LIDOR/HW4-Implementation/dual_port_memory.vhd" \
      EN work/dual_port_memory_no_ck_read 1529048439
FL "C:/Users/Lidor Cohen/Desktop/BYOC-HW4-LIDOR/HW4-Implementation/Fetch_Unit.vhd" 2018/06/15.09:26:34 P.20131013
EN work/Fetch_Unit 1529048443 \
      FL "C:/Users/Lidor Cohen/Desktop/BYOC-HW4-LIDOR/HW4-Implementation/Fetch_Unit.vhd" \
      PB ieee/std_logic_1164 1381692176 PB ieee/std_logic_arith 1381692177 \
      PB ieee/STD_LOGIC_UNSIGNED 1381692179
AR work/Fetch_Unit/Behavioral 1529048444 \
      FL "C:/Users/Lidor Cohen/Desktop/BYOC-HW4-LIDOR/HW4-Implementation/Fetch_Unit.vhd" \
      EN work/Fetch_Unit 1529048443
FL "C:/Users/Lidor Cohen/Desktop/BYOC-HW4-LIDOR/HW4-Implementation/GPR.vhd" 2018/06/15.09:54:26 P.20131013
EN work/GPR 1529048445 \
      FL "C:/Users/Lidor Cohen/Desktop/BYOC-HW4-LIDOR/HW4-Implementation/GPR.vhd" \
      PB ieee/std_logic_1164 1381692176 PB ieee/std_logic_arith 1381692177 \
      PB ieee/STD_LOGIC_UNSIGNED 1381692179
AR work/GPR/Behavioral 1529048446 \
      FL "C:/Users/Lidor Cohen/Desktop/BYOC-HW4-LIDOR/HW4-Implementation/GPR.vhd" \
      EN work/GPR 1529048445 CP dual_port_memory_no_CK_read
FL "C:/Users/Lidor Cohen/Desktop/BYOC-HW4-LIDOR/HW4-Implementation/HW4_top.vhd" 2018/06/15.09:50:34 P.20131013
EN work/HW4_top 1529045690 \
      FL "C:/Users/Lidor Cohen/Desktop/BYOC-HW4-LIDOR/HW4-Implementation/HW4_top.vhd" \
      PB ieee/std_logic_1164 1381692176 PB ieee/std_logic_arith 1381692177 \
      PB ieee/STD_LOGIC_UNSIGNED 1381692179
AR work/HW4_top/Behavioral 1529045691 \
      FL "C:/Users/Lidor Cohen/Desktop/BYOC-HW4-LIDOR/HW4-Implementation/HW4_top.vhd" \
      EN work/HW4_top 1529045690 CP Clock_Driver CP BYOC_Host_intf CP Fetch_Unit \
      CP GPR CP MIPS_ALU CP INTEGER
FL "C:/Users/Lidor Cohen/Desktop/BYOC-HW4-LIDOR/HW4-Implementation/MIPS_ALU.vhd" 2018/06/08.09:53:50 P.20131013
EN work/MIPS_ALU 1529048447 \
      FL "C:/Users/Lidor Cohen/Desktop/BYOC-HW4-LIDOR/HW4-Implementation/MIPS_ALU.vhd" \
      PB ieee/std_logic_1164 1381692176 PB ieee/std_logic_arith 1381692177 \
      PB ieee/STD_LOGIC_UNSIGNED 1381692179
AR work/MIPS_ALU/Behavioral 1529048448 \
      FL "C:/Users/Lidor Cohen/Desktop/BYOC-HW4-LIDOR/HW4-Implementation/MIPS_ALU.vhd" \
      EN work/MIPS_ALU 1529048447
