EN hw5_top NULL "C:/Users/Lidor Cohen/Desktop/BYOC-HW5-Lidor/HW5-Implementation/HW5_MIPS.vhd" sub00/vhpl10 1529650844
EN clock_driver NULL "C:/Users/Lidor Cohen/Desktop/BYOC-HW5-Lidor/HW5-Implementation/BYOC_Clock_driver.vhd" sub00/vhpl02 1529650836
EN dual_port_memory_no_ck_read NULL "C:/Users/Lidor Cohen/Desktop/BYOC-HW5-Lidor/HW5-Implementation/dual_port_memory.vhd" sub00/vhpl00 1529650834
EN mips_alu NULL "C:/Users/Lidor Cohen/Desktop/BYOC-HW5-Lidor/HW5-Implementation/MIPS_ALU.vhd" sub00/vhpl08 1529650842
AR fetch_unit behavioral "C:/Users/Lidor Cohen/Desktop/BYOC-HW5-Lidor/HW5-Implementation/Fetch_Unit.vhd" sub00/vhpl05 1529650839
EN fetch_unit NULL "C:/Users/Lidor Cohen/Desktop/BYOC-HW5-Lidor/HW5-Implementation/Fetch_Unit.vhd" sub00/vhpl04 1529650838
AR hw5_top behavioral "C:/Users/Lidor Cohen/Desktop/BYOC-HW5-Lidor/HW5-Implementation/HW5_MIPS.vhd" sub00/vhpl11 1529650845
AR gpr behavioral "C:/Users/Lidor Cohen/Desktop/BYOC-HW5-Lidor/HW5-Implementation/GPR.vhd" sub00/vhpl07 1529650841
AR mips_alu behavioral "C:/Users/Lidor Cohen/Desktop/BYOC-HW5-Lidor/HW5-Implementation/MIPS_ALU.vhd" sub00/vhpl09 1529650843
AR dual_port_memory_no_ck_read dual_port_memory "C:/Users/Lidor Cohen/Desktop/BYOC-HW5-Lidor/HW5-Implementation/dual_port_memory.vhd" sub00/vhpl01 1529650835
EN gpr NULL "C:/Users/Lidor Cohen/Desktop/BYOC-HW5-Lidor/HW5-Implementation/GPR.vhd" sub00/vhpl06 1529650840
AR clock_driver clock_divider "C:/Users/Lidor Cohen/Desktop/BYOC-HW5-Lidor/HW5-Implementation/BYOC_Clock_driver.vhd" sub00/vhpl03 1529650837
