V3 26
FL "C:/Users/Lidor Cohen/Desktop/BYOC-HW5-Lidor/HW5-Implementation/BYOC_Clock_driver.vhd" 2017/09/02.11:47:16 P.20131013
EN work/Clock_Driver 1529650836 \
      FL "C:/Users/Lidor Cohen/Desktop/BYOC-HW5-Lidor/HW5-Implementation/BYOC_Clock_driver.vhd" \
      PB ieee/std_logic_1164 1381692176 PB ieee/STD_LOGIC_UNSIGNED 1381692179 \
      PB ieee/std_logic_arith 1381692177 PB ieee/NUMERIC_STD 1381692181 LB unisim \
      PH unisim/VCOMPONENTS 1381692182
AR work/Clock_Driver/clock_divider 1529650837 \
      FL "C:/Users/Lidor Cohen/Desktop/BYOC-HW5-Lidor/HW5-Implementation/BYOC_Clock_driver.vhd" \
      EN work/Clock_Driver 1529650836 CP BUFG
FL "C:/Users/Lidor Cohen/Desktop/BYOC-HW5-Lidor/HW5-Implementation/dual_port_memory.vhd" 2018/06/07.09:41:46 P.20131013
EN work/dual_port_memory_no_ck_read 1529650834 \
      FL "C:/Users/Lidor Cohen/Desktop/BYOC-HW5-Lidor/HW5-Implementation/dual_port_memory.vhd" \
      PB ieee/std_logic_1164 1381692176 PB ieee/std_logic_arith 1381692177
AR work/dual_port_memory_no_CK_read/dual_port_memory 1529650835 \
      FL "C:/Users/Lidor Cohen/Desktop/BYOC-HW5-Lidor/HW5-Implementation/dual_port_memory.vhd" \
      EN work/dual_port_memory_no_ck_read 1529650834
FL "C:/Users/Lidor Cohen/Desktop/BYOC-HW5-Lidor/HW5-Implementation/Fetch_Unit.vhd" 2018/06/22.09:59:58 P.20131013
EN work/Fetch_Unit 1529650838 \
      FL "C:/Users/Lidor Cohen/Desktop/BYOC-HW5-Lidor/HW5-Implementation/Fetch_Unit.vhd" \
      PB ieee/std_logic_1164 1381692176 PB ieee/std_logic_arith 1381692177 \
      PB ieee/STD_LOGIC_UNSIGNED 1381692179
AR work/Fetch_Unit/Behavioral 1529650839 \
      FL "C:/Users/Lidor Cohen/Desktop/BYOC-HW5-Lidor/HW5-Implementation/Fetch_Unit.vhd" \
      EN work/Fetch_Unit 1529650838
FL "C:/Users/Lidor Cohen/Desktop/BYOC-HW5-Lidor/HW5-Implementation/GPR.vhd" 2018/06/22.08:32:11 P.20131013
EN work/GPR 1529650840 \
      FL "C:/Users/Lidor Cohen/Desktop/BYOC-HW5-Lidor/HW5-Implementation/GPR.vhd" \
      PB ieee/std_logic_1164 1381692176 PB ieee/std_logic_arith 1381692177 \
      PB ieee/STD_LOGIC_UNSIGNED 1381692179
AR work/GPR/Behavioral 1529650841 \
      FL "C:/Users/Lidor Cohen/Desktop/BYOC-HW5-Lidor/HW5-Implementation/GPR.vhd" \
      EN work/GPR 1529650840 CP dual_port_memory_no_CK_read
FL "C:/Users/Lidor Cohen/Desktop/BYOC-HW5-Lidor/HW5-Implementation/HW5_MIPS.vhd" 2018/06/22.09:51:13 P.20131013
EN work/HW5_top 1529650844 \
      FL "C:/Users/Lidor Cohen/Desktop/BYOC-HW5-Lidor/HW5-Implementation/HW5_MIPS.vhd" \
      PB ieee/std_logic_1164 1381692176 PB ieee/std_logic_arith 1381692177 \
      PB ieee/STD_LOGIC_UNSIGNED 1381692179
AR work/HW5_top/Behavioral 1529650845 \
      FL "C:/Users/Lidor Cohen/Desktop/BYOC-HW5-Lidor/HW5-Implementation/HW5_MIPS.vhd" \
      EN work/HW5_top 1529650844 CP Clock_Driver CP BYOC_Host_intf CP Fetch_Unit \
      CP GPR CP MIPS_ALU
FL "C:/Users/Lidor Cohen/Desktop/BYOC-HW5-Lidor/HW5-Implementation/MIPS_ALU.vhd" 2018/06/08.09:53:50 P.20131013
EN work/MIPS_ALU 1529650842 \
      FL "C:/Users/Lidor Cohen/Desktop/BYOC-HW5-Lidor/HW5-Implementation/MIPS_ALU.vhd" \
      PB ieee/std_logic_1164 1381692176 PB ieee/std_logic_arith 1381692177 \
      PB ieee/STD_LOGIC_UNSIGNED 1381692179
AR work/MIPS_ALU/Behavioral 1529650843 \
      FL "C:/Users/Lidor Cohen/Desktop/BYOC-HW5-Lidor/HW5-Implementation/MIPS_ALU.vhd" \
      EN work/MIPS_ALU 1529650842
