EN gpr_tb NULL C:/Users/Sherman/HW3_GPR/SIM_GPR_TB.vhd sub00/vhpl05 1528444312
PH byoc_filenames NULL C:/Users/Sherman/HW3_GPR/SIM_HW3_GPR_filenames.vhd sub00/vhpl02 1528444309
EN dual_port_memory_no_ck_read NULL C:/Users/Sherman/HW3_GPR/dual_port_memory.vhd sub00/vhpl00 1528444307
AR gpr behavioral C:/Users/Sherman/HW3_GPR/GPR.vhd sub00/vhpl04 1528444311
AR dual_port_memory_no_ck_read dual_port_memory C:/Users/Sherman/HW3_GPR/dual_port_memory.vhd sub00/vhpl01 1528444308
EN gpr NULL C:/Users/Sherman/HW3_GPR/GPR.vhd sub00/vhpl03 1528444310
